#+title: Ext3
#+author: gabriel
#+description:






#+begin_src sh
Comando (m para ajuda): n
Tipo da partição
   p   primária (1 primárias, 0 estendidas, 3 livre)
   e   estendida (recipiente para partições lógicas)
Selecione (padrão p): p
Número da partição (2-4, padrão 2):
Primeiro setor (10487808-41943039, padrão 10487808):
Último setor, +/-setores ou +/-tamanho{K,M,G,T,P} (10487808-41943039, padrão 41943039
): +6G

Criada uma nova partição 2 do tipo "Linux" e de tamanho 6 GiB.

Comando (m para ajuda): t
Número da partição (1,2, padrão 2): 2
Código hexadecimal ou apelido (digite L para listar todos): 7

O tipo da partição "Linux" foi alterado para "HPFS/NTFS/exFAT".

Comando (m para ajuda): w
A tabela de partição foi alterada.
Chamando ioctl() para reler tabela de partição.
Sincronizando discos.

root@debian9-lpic1:~# mkfs.ext3 -L FSXT3 /dev/sdb2
mke2fs 1.47.0 (5-Feb-2023)
Creating filesystem with 1572864 4k blocks and 393216 inodes
Filesystem UUID: fbce15e1-22d2-459c-a213-0fd94ceedf5f
Superblock backups stored on blocks:
        32768, 98304, 163840, 229376, 294912, 819200, 884736

Allocating group tables: done
Writing inode tables: done
Creating journal (16384 blocks): done
Writing superblocks and filesystem accounting information: done
#+end_src
